(* Generated Thu Nov 13 04:42:24 2014 *)
let tree_count_nodes : tree -> nat =
  let rec f1 (t1:tree) : nat =
    match t1 with
      | Leaf -> O
      | Node (t2, n1, t3) -> S (plus (f1 t2) (f1 t3))
  in
    f1
;;
