(* Generated Thu Nov 13 04:41:52 2014 *)
let tree_count_leaves : tree -> nat =
  let rec f1 (t1:tree) : nat =
    match t1 with
      | Leaf -> S (O)
      | Node (t2, b1, t3) -> plus (f1 t2) (f1 t3)
  in
    f1
;;
